STAR version=STAR_2.5.2a
STAR compilation time,server,dir=Tue May 10 17:35:33 EDT 2016 florence.cshl.edu:/sonas-hs/gingeras/nlsas_norepl/user/dobin/STAR/STAR.sandbox/source
##### DEFAULT parameters:
versionSTAR                       20201
versionGenome                     20101   20200   
parametersFiles                   -   
sysShell                          -
runMode                           alignReads
runThreadN                        1
runDirPerm                        User_RWX
runRNGseed                        777
genomeDir                         ./GenomeDir/
genomeLoad                        NoSharedMemory
genomeFastaFiles                  -   
genomeSAindexNbases               14
genomeChrBinNbits                 18
genomeSAsparseD                   1
genomeSuffixLengthMax             18446744073709551615
readFilesIn                       Read1   Read2   
readFilesCommand                  -   
readMatesLengthsIn                NotEqual
readMapNumber                     18446744073709551615
readNameSeparator                 /   
inputBAMfile                      -
bamRemoveDuplicatesType           -
bamRemoveDuplicatesMate2basesN    0
limitGenomeGenerateRAM            31000000000
limitIObufferSize                 150000000
limitOutSAMoneReadBytes           100000
limitOutSJcollapsed               1000000
limitOutSJoneRead                 1000
limitBAMsortRAM                   0
limitSjdbInsertNsj                1000000
outTmpDir                         -
outTmpKeep                        None
outStd                            Log
outReadsUnmapped                  None
outQSconversionAdd                0
outMultimapperOrder               Old_2.4
outSAMtype                        SAM   
outSAMmode                        Full
outSAMstrandField                 None
outSAMattributes                  Standard   
outSAMunmapped                    None   
outSAMorder                       Paired
outSAMprimaryFlag                 OneBestScore
outSAMreadID                      Standard
outSAMmapqUnique                  255
outSAMflagOR                      0
outSAMflagAND                     65535
outSAMattrRGline                  -   
outSAMheaderHD                    -   
outSAMheaderPG                    -   
outSAMheaderCommentFile           -
outBAMcompression                 1
outBAMsortingThreadN              0
outSAMfilter                      None   
outSAMmultNmax                    18446744073709551615
outSAMattrIHstart                 1
outSJfilterReads                  All
outSJfilterCountUniqueMin         3   1   1   1   
outSJfilterCountTotalMin          3   1   1   1   
outSJfilterOverhangMin            30   12   12   12   
outSJfilterDistToOtherSJmin       10   0   5   10   
outSJfilterIntronMaxVsReadN       50000   100000   200000   
outWigType                        None   
outWigStrand                      Stranded   
outWigReferencesPrefix            -
outWigNorm                        RPM   
outFilterType                     Normal
outFilterMultimapNmax             10
outFilterMultimapScoreRange       1
outFilterScoreMin                 0
outFilterScoreMinOverLread        0.66
outFilterMatchNmin                0
outFilterMatchNminOverLread       0.66
outFilterMismatchNmax             10
outFilterMismatchNoverLmax        0.3
outFilterMismatchNoverReadLmax    1
outFilterIntronMotifs             None
clip5pNbases                      0   
clip3pNbases                      0   
clip3pAfterAdapterNbases          0   
clip3pAdapterSeq                  -   
clip3pAdapterMMp                  0.1   
winBinNbits                       16
winAnchorDistNbins                9
winFlankNbins                     4
winAnchorMultimapNmax             50
winReadCoverageRelativeMin        0.5
winReadCoverageBasesMin           0
scoreGap                          0
scoreGapNoncan                    -8
scoreGapGCAG                      -4
scoreGapATAC                      -8
scoreStitchSJshift                1
scoreGenomicLengthLog2scale       -0.25
scoreDelBase                      -2
scoreDelOpen                      -2
scoreInsOpen                      -2
scoreInsBase                      -2
seedSearchLmax                    0
seedSearchStartLmax               50
seedSearchStartLmaxOverLread      1
seedPerReadNmax                   1000
seedPerWindowNmax                 50
seedNoneLociPerWindow             10
seedMultimapNmax                  10000
alignIntronMin                    21
alignIntronMax                    0
alignMatesGapMax                  0
alignTranscriptsPerReadNmax       10000
alignSJoverhangMin                5
alignSJDBoverhangMin              3
alignSJstitchMismatchNmax         0   -1   0   0   
alignSplicedMateMapLmin           0
alignSplicedMateMapLminOverLmate    0.66
alignWindowsPerReadNmax           10000
alignTranscriptsPerWindowNmax     100
alignEndsType                     Local
alignSoftClipAtReferenceEnds      Yes
alignEndsProtrude                 0   ConcordantPair   
chimSegmentMin                    0
chimScoreMin                      0
chimScoreDropMax                  20
chimScoreSeparation               10
chimScoreJunctionNonGTAG          -1
chimJunctionOverhangMin           20
chimOutType                       SeparateSAMold
chimFilter                        banGenomicN   
chimSegmentReadGapMax             0
sjdbFileChrStartEnd               -   
sjdbGTFfile                       -
sjdbGTFchrPrefix                  -
sjdbGTFfeatureExon                exon
sjdbGTFtagExonParentTranscript    transcript_id
sjdbGTFtagExonParentGene          gene_id
sjdbOverhang                      100
sjdbScore                         2
sjdbInsertSave                    Basic
quantMode                         -   
quantTranscriptomeBAMcompression    1
quantTranscriptomeBan             IndelSoftclipSingleend
twopass1readsN                    18446744073709551615
twopassMode                       None
##### Command Line:
STAR --readFilesIn /mounts/isilon/data/eahome/q804348/opt/scripts/STAR-SEQR/test/RNA_1.fastq.gz /mounts/isilon/data/eahome/q804348/opt/scripts/STAR-SEQR/test/RNA_2.fastq.gz --readFilesCommand zcat --runThreadN 12 --genomeDir /mounts/isilon/data/indexes/DNA/h_sapiens/hg19.fa.derived/eaGene4/STAR_SEQR_hg19gencodeV24lift37_S1_RNA --outFileNamePrefix  RNA_test. --outSAMtype None --alignIntronMax 200000 --alignMatesGapMax 200000 --chimOutType SeparateSAMold --chimScoreJunctionNonGTAG -1 --alignSJDBoverhangMin 10 outFilterMultimapScoreRange 1 --chimSegmentMin 5 --chimJunctionOverhangMin 5 --chimScoreMin 0 --chimScoreDropMax 40 --chimScoreSeparation 10 --chimSegmentReadGapMax 3 --chimFilter None --twopassMode Basic outFilterMultimapNmax 5 --outSJfilterCountTotalMin 2 -1 2 2
##### Initial USER parameters from Command Line:
outFileNamePrefix                 RNA_test.
###### All USER parameters from Command Line:
readFilesIn                   /mounts/isilon/data/eahome/q804348/opt/scripts/STAR-SEQR/test/RNA_1.fastq.gz   /mounts/isilon/data/eahome/q804348/opt/scripts/STAR-SEQR/test/RNA_2.fastq.gz        ~RE-DEFINED
readFilesCommand              zcat        ~RE-DEFINED
runThreadN                    12     ~RE-DEFINED
genomeDir                     /mounts/isilon/data/indexes/DNA/h_sapiens/hg19.fa.derived/eaGene4/STAR_SEQR_hg19gencodeV24lift37_S1_RNA     ~RE-DEFINED
outFileNamePrefix             RNA_test.     ~RE-DEFINED
outSAMtype                    None        ~RE-DEFINED
alignIntronMax                200000     ~RE-DEFINED
alignMatesGapMax              200000     ~RE-DEFINED
chimOutType                   SeparateSAMold     ~RE-DEFINED
chimScoreJunctionNonGTAG      -1     ~RE-DEFINED
alignSJDBoverhangMin          10     ~RE-DEFINED
chimSegmentMin                5     ~RE-DEFINED
chimJunctionOverhangMin       5     ~RE-DEFINED
chimScoreMin                  0     ~RE-DEFINED
chimScoreDropMax              40     ~RE-DEFINED
chimScoreSeparation           10     ~RE-DEFINED
chimSegmentReadGapMax         3     ~RE-DEFINED
chimFilter                    None        ~RE-DEFINED
twopassMode                   Basic     ~RE-DEFINED
outSJfilterCountTotalMin      2   -1   2   2        ~RE-DEFINED
##### Finished reading parameters from all sources

##### Final user re-defined parameters-----------------:
runThreadN                        12
genomeDir                         /mounts/isilon/data/indexes/DNA/h_sapiens/hg19.fa.derived/eaGene4/STAR_SEQR_hg19gencodeV24lift37_S1_RNA
readFilesIn                       /mounts/isilon/data/eahome/q804348/opt/scripts/STAR-SEQR/test/RNA_1.fastq.gz   /mounts/isilon/data/eahome/q804348/opt/scripts/STAR-SEQR/test/RNA_2.fastq.gz   
readFilesCommand                  zcat   
outFileNamePrefix                 RNA_test.
outSAMtype                        None   
outSJfilterCountTotalMin          2   -1   2   2   
alignIntronMax                    200000
alignMatesGapMax                  200000
alignSJDBoverhangMin              10
chimSegmentMin                    5
chimScoreMin                      0
chimScoreDropMax                  40
chimScoreSeparation               10
chimScoreJunctionNonGTAG          -1
chimJunctionOverhangMin           5
chimOutType                       SeparateSAMold
chimFilter                        None   
chimSegmentReadGapMax             3
twopassMode                       Basic

-------------------------------
##### Final effective command line:
STAR   --runThreadN 12   --genomeDir /mounts/isilon/data/indexes/DNA/h_sapiens/hg19.fa.derived/eaGene4/STAR_SEQR_hg19gencodeV24lift37_S1_RNA   --readFilesIn /mounts/isilon/data/eahome/q804348/opt/scripts/STAR-SEQR/test/RNA_1.fastq.gz   /mounts/isilon/data/eahome/q804348/opt/scripts/STAR-SEQR/test/RNA_2.fastq.gz      --readFilesCommand zcat      --outFileNamePrefix RNA_test.   --outSAMtype None      --outSJfilterCountTotalMin 2   -1   2   2      --alignIntronMax 200000   --alignMatesGapMax 200000   --alignSJDBoverhangMin 10   --chimSegmentMin 5   --chimScoreMin 0   --chimScoreDropMax 40   --chimScoreSeparation 10   --chimScoreJunctionNonGTAG -1   --chimJunctionOverhangMin 5   --chimOutType SeparateSAMold   --chimFilter None      --chimSegmentReadGapMax 3   --twopassMode Basic

##### Final parameters after user input--------------------------------:
versionSTAR                       20201
versionGenome                     20101   20200   
parametersFiles                   -   
sysShell                          -
runMode                           alignReads
runThreadN                        12
runDirPerm                        User_RWX
runRNGseed                        777
genomeDir                         /mounts/isilon/data/indexes/DNA/h_sapiens/hg19.fa.derived/eaGene4/STAR_SEQR_hg19gencodeV24lift37_S1_RNA
genomeLoad                        NoSharedMemory
genomeFastaFiles                  -   
genomeSAindexNbases               14
genomeChrBinNbits                 18
genomeSAsparseD                   1
genomeSuffixLengthMax             18446744073709551615
readFilesIn                       /mounts/isilon/data/eahome/q804348/opt/scripts/STAR-SEQR/test/RNA_1.fastq.gz   /mounts/isilon/data/eahome/q804348/opt/scripts/STAR-SEQR/test/RNA_2.fastq.gz   
readFilesCommand                  zcat   
readMatesLengthsIn                NotEqual
readMapNumber                     18446744073709551615
readNameSeparator                 /   
inputBAMfile                      -
bamRemoveDuplicatesType           -
bamRemoveDuplicatesMate2basesN    0
limitGenomeGenerateRAM            31000000000
limitIObufferSize                 150000000
limitOutSAMoneReadBytes           100000
limitOutSJcollapsed               1000000
limitOutSJoneRead                 1000
limitBAMsortRAM                   0
limitSjdbInsertNsj                1000000
outFileNamePrefix                 RNA_test.
outTmpDir                         -
outTmpKeep                        None
outStd                            Log
outReadsUnmapped                  None
outQSconversionAdd                0
outMultimapperOrder               Old_2.4
outSAMtype                        None   
outSAMmode                        Full
outSAMstrandField                 None
outSAMattributes                  Standard   
outSAMunmapped                    None   
outSAMorder                       Paired
outSAMprimaryFlag                 OneBestScore
outSAMreadID                      Standard
outSAMmapqUnique                  255
outSAMflagOR                      0
outSAMflagAND                     65535
outSAMattrRGline                  -   
outSAMheaderHD                    -   
outSAMheaderPG                    -   
outSAMheaderCommentFile           -
outBAMcompression                 1
outBAMsortingThreadN              0
outSAMfilter                      None   
outSAMmultNmax                    18446744073709551615
outSAMattrIHstart                 1
outSJfilterReads                  All
outSJfilterCountUniqueMin         3   1   1   1   
outSJfilterCountTotalMin          2   -1   2   2   
outSJfilterOverhangMin            30   12   12   12   
outSJfilterDistToOtherSJmin       10   0   5   10   
outSJfilterIntronMaxVsReadN       50000   100000   200000   
outWigType                        None   
outWigStrand                      Stranded   
outWigReferencesPrefix            -
outWigNorm                        RPM   
outFilterType                     Normal
outFilterMultimapNmax             10
outFilterMultimapScoreRange       1
outFilterScoreMin                 0
outFilterScoreMinOverLread        0.66
outFilterMatchNmin                0
outFilterMatchNminOverLread       0.66
outFilterMismatchNmax             10
outFilterMismatchNoverLmax        0.3
outFilterMismatchNoverReadLmax    1
outFilterIntronMotifs             None
clip5pNbases                      0   
clip3pNbases                      0   
clip3pAfterAdapterNbases          0   
clip3pAdapterSeq                  -   
clip3pAdapterMMp                  0.1   
winBinNbits                       16
winAnchorDistNbins                9
winFlankNbins                     4
winAnchorMultimapNmax             50
winReadCoverageRelativeMin        0.5
winReadCoverageBasesMin           0
scoreGap                          0
scoreGapNoncan                    -8
scoreGapGCAG                      -4
scoreGapATAC                      -8
scoreStitchSJshift                1
scoreGenomicLengthLog2scale       -0.25
scoreDelBase                      -2
scoreDelOpen                      -2
scoreInsOpen                      -2
scoreInsBase                      -2
seedSearchLmax                    0
seedSearchStartLmax               50
seedSearchStartLmaxOverLread      1
seedPerReadNmax                   1000
seedPerWindowNmax                 50
seedNoneLociPerWindow             10
seedMultimapNmax                  10000
alignIntronMin                    21
alignIntronMax                    200000
alignMatesGapMax                  200000
alignTranscriptsPerReadNmax       10000
alignSJoverhangMin                5
alignSJDBoverhangMin              10
alignSJstitchMismatchNmax         0   -1   0   0   
alignSplicedMateMapLmin           0
alignSplicedMateMapLminOverLmate    0.66
alignWindowsPerReadNmax           10000
alignTranscriptsPerWindowNmax     100
alignEndsType                     Local
alignSoftClipAtReferenceEnds      Yes
alignEndsProtrude                 0   ConcordantPair   
chimSegmentMin                    5
chimScoreMin                      0
chimScoreDropMax                  40
chimScoreSeparation               10
chimScoreJunctionNonGTAG          -1
chimJunctionOverhangMin           5
chimOutType                       SeparateSAMold
chimFilter                        None   
chimSegmentReadGapMax             3
sjdbFileChrStartEnd               -   
sjdbGTFfile                       -
sjdbGTFchrPrefix                  -
sjdbGTFfeatureExon                exon
sjdbGTFtagExonParentTranscript    transcript_id
sjdbGTFtagExonParentGene          gene_id
sjdbOverhang                      100
sjdbScore                         2
sjdbInsertSave                    Basic
quantMode                         -   
quantTranscriptomeBAMcompression    1
quantTranscriptomeBan             IndelSoftclipSingleend
twopass1readsN                    18446744073709551615
twopassMode                       Basic
----------------------------------------


   Input read files for mate 1, from input string /mounts/isilon/data/eahome/q804348/opt/scripts/STAR-SEQR/test/RNA_1.fastq.gz
-rw-rw-r-- 1 q804348 pipeline 932043 Aug 23 10:33 /mounts/isilon/data/eahome/q804348/opt/scripts/STAR-SEQR/test/RNA_1.fastq.gz

   readsCommandsFile:
exec > "RNA_test._STARtmp/tmp.fifo.read1"
echo FILE 0
zcat      "/mounts/isilon/data/eahome/q804348/opt/scripts/STAR-SEQR/test/RNA_1.fastq.gz"


   Input read files for mate 2, from input string /mounts/isilon/data/eahome/q804348/opt/scripts/STAR-SEQR/test/RNA_2.fastq.gz
-rw-rw-r-- 1 q804348 pipeline 932231 Aug 23 10:33 /mounts/isilon/data/eahome/q804348/opt/scripts/STAR-SEQR/test/RNA_2.fastq.gz

   readsCommandsFile:
exec > "RNA_test._STARtmp/tmp.fifo.read2"
echo FILE 0
zcat      "/mounts/isilon/data/eahome/q804348/opt/scripts/STAR-SEQR/test/RNA_2.fastq.gz"

Finished loading and checking parameters
Reading genome generation parameters:
versionGenome                 20201        ~RE-DEFINED
genomeFastaFiles              /mounts/datah/indexes/DNA/h_sapiens/hg19_scaffolds.fa        ~RE-DEFINED
genomeSAindexNbases           14     ~RE-DEFINED
genomeChrBinNbits             18     ~RE-DEFINED
genomeSAsparseD               1     ~RE-DEFINED
sjdbOverhang                  100     ~RE-DEFINED
sjdbFileChrStartEnd           -        ~RE-DEFINED
sjdbGTFfile                   /mounts/isilon/data/indexes/GFFs/gencodeV24lift37.gtf     ~RE-DEFINED
sjdbGTFchrPrefix              -     ~RE-DEFINED
sjdbGTFfeatureExon            exon     ~RE-DEFINED
sjdbGTFtagExonParentTranscripttranscript_id     ~RE-DEFINED
sjdbGTFtagExonParentGene      gene_id     ~RE-DEFINED
sjdbInsertSave                Basic     ~RE-DEFINED
Genome version is compatible with current STAR version
Number of real (reference) chromosomes= 93
1	chr1	249250621	0
2	chr2	243199373	249298944
3	chr3	198022430	492568576
4	chr4	191154276	690749440
5	chr5	180915260	882114560
6	chr6	171115067	1063256064
7	chr7	159138663	1234436096
8	chrX	155270560	1393819648
9	chr8	146364022	1549271040
10	chr9	141213431	1695809536
11	chr10	135534747	1837105152
12	chr11	135006516	1972895744
13	chr12	133851895	2108162048
14	chr13	115169878	2242117632
15	chr14	107349540	2357460992
16	chr15	102531392	2464940032
17	chr16	90354753	2567700480
18	chr17	81195210	2658140160
19	chr18	78077248	2739404800
20	chr20	63025520	2817523712
21	chrY	59373566	2880700416
22	chr19	59128983	2940207104
23	chr22	51304566	2999451648
24	chr21	48129895	3050831872
25	chr6_ssto_hap7	4928567	3099066368
26	chr6_mcf_hap5	4833398	3104047104
27	chr6_cox_hap2	4795371	3109027840
28	chr6_mann_hap4	4683263	3114008576
29	chr6_apd_hap1	4622290	3118727168
30	chr6_qbl_hap6	4611984	3123445760
31	chr6_dbb_hap3	4610396	3128164352
32	chr17_ctg5_hap1	1680828	3132882944
33	chr4_ctg9_hap1	590426	3134717952
34	chr1_gl000192_random	547496	3135504384
35	chrUn_gl000225	211173	3136290816
36	chr4_gl000194_random	191469	3136552960
37	chr4_gl000193_random	189789	3136815104
38	chr9_gl000200_random	187035	3137077248
39	chrUn_gl000222	186861	3137339392
40	chrUn_gl000212	186858	3137601536
41	chr7_gl000195_random	182896	3137863680
42	chrUn_gl000223	180455	3138125824
43	chrUn_gl000224	179693	3138387968
44	chrUn_gl000219	179198	3138650112
45	chr17_gl000205_random	174588	3138912256
46	chrUn_gl000215	172545	3139174400
47	chrUn_gl000216	172294	3139436544
48	chrUn_gl000217	172149	3139698688
49	chr9_gl000199_random	169874	3139960832
50	chrUn_gl000211	166566	3140222976
51	chrUn_gl000213	164239	3140485120
52	chrUn_gl000220	161802	3140747264
53	chrUn_gl000218	161147	3141009408
54	chr19_gl000209_random	159169	3141271552
55	chrUn_gl000221	155397	3141533696
56	chrUn_gl000214	137718	3141795840
57	chrUn_gl000228	129120	3142057984
58	chrUn_gl000227	128374	3142320128
59	chr1_gl000191_random	106433	3142582272
60	chr19_gl000208_random	92689	3142844416
61	chr9_gl000198_random	90085	3143106560
62	chr17_gl000204_random	81310	3143368704
63	chrUn_gl000233	45941	3143630848
64	chrUn_gl000237	45867	3143892992
65	chrUn_gl000230	43691	3144155136
66	chrUn_gl000242	43523	3144417280
67	chrUn_gl000243	43341	3144679424
68	chrUn_gl000241	42152	3144941568
69	chrUn_gl000236	41934	3145203712
70	chrUn_gl000240	41933	3145465856
71	chr17_gl000206_random	41001	3145728000
72	chrUn_gl000232	40652	3145990144
73	chrUn_gl000234	40531	3146252288
74	chr11_gl000202_random	40103	3146514432
75	chrUn_gl000238	39939	3146776576
76	chrUn_gl000244	39929	3147038720
77	chrUn_gl000248	39786	3147300864
78	chr8_gl000196_random	38914	3147563008
79	chrUn_gl000249	38502	3147825152
80	chrUn_gl000246	38154	3148087296
81	chr17_gl000203_random	37498	3148349440
82	chr8_gl000197_random	37175	3148611584
83	chrUn_gl000245	36651	3148873728
84	chrUn_gl000247	36422	3149135872
85	chr9_gl000201_random	36148	3149398016
86	chrUn_gl000235	34474	3149660160
87	chrUn_gl000239	33824	3149922304
88	chr21_gl000210_random	27682	3150184448
89	chrUn_gl000231	27386	3150446592
90	chrUn_gl000229	19913	3150708736
91	chrM	16571	3150970880
92	chrUn_gl000226	15008	3151233024
93	chr18_gl000207_random	4262	3151495168
--sjdbOverhang = 100 taken from the generated genome
Started loading the genome: Tue Aug 23 10:33:41 2016

checking Genome sizefile size: 3202885682 bytes; state: good=1 eof=0 fail=0 bad=0
checking SA sizefile size: 24322521749 bytes; state: good=1 eof=0 fail=0 bad=0
checking /SAindex sizefile size: 1565873619 bytes; state: good=1 eof=0 fail=0 bad=0
Read from SAindex: genomeSAindexNbases=14  nSAi=357913940
nGenome=3202885682;  nSAbyte=24322521749
GstrandBit=32   SA number of indices=5896368908
Shared memory is not used for genomes. Allocated a private copy of the genome.
Genome file size: 3202885682 bytes; state: good=1 eof=0 fail=0 bad=0
Loading Genome ... done! state: good=1 eof=0 fail=0 bad=0; loaded 3202885682 bytes
SA file size: 24322521749 bytes; state: good=1 eof=0 fail=0 bad=0
Loading SA ... done! state: good=1 eof=0 fail=0 bad=0; loaded 24322521749 bytes
Loading SAindex ... done: 1565873619 bytes
Finished loading the genome: Tue Aug 23 10:34:10 2016

Processing splice junctions database sjdbN=254370,   sjdbOverhang=100 
To accomodate alignIntronMax=200000 redefined winBinNbits=16
To accomodate alignIntronMax=200000 and alignMatesGapMax=200000, redefined winFlankNbins=4 and winAnchorDistNbins=8
Created thread # 1
Created thread # 2
Created thread # 3
Starting to map file # 0
mate 1:   /mounts/isilon/data/eahome/q804348/opt/scripts/STAR-SEQR/test/RNA_1.fastq.gz
mate 2:   /mounts/isilon/data/eahome/q804348/opt/scripts/STAR-SEQR/test/RNA_2.fastq.gz
Created thread # 4
Created thread # 5
Created thread # 6
Created thread # 7
Created thread # 8
Created thread # 9
Created thread # 10
Created thread # 11
Thread #1 end of input stream, nextChar=-1
Completed: thread #2
Completed: thread #3
Completed: thread #4
Completed: thread #5
Completed: thread #6
Completed: thread #8
Completed: thread #7
Completed: thread #9
Completed: thread #10
Completed: thread #0
Completed: thread #11
Completed: thread #1
Joined thread # 1
Joined thread # 2
Joined thread # 3
Joined thread # 4
Joined thread # 5
Joined thread # 6
Joined thread # 7
Joined thread # 8
Joined thread # 9
Joined thread # 10
Joined thread # 11
Aug 23 10:34:15   Loaded database junctions from the generated genome /mounts/isilon/data/indexes/DNA/h_sapiens/hg19.fa.derived/eaGene4/STAR_SEQR_hg19gencodeV24lift37_S1_RNA/sjdbList.out.tab: 254370 total junctions

Aug 23 10:34:15   Loaded database junctions from the 1st pass file: RNA_test._STARpass1//SJ.out.tab: 254907 total junctions

WARNING: long repeat for junction # 193210 : chr15 89398753 89398809; left shift = 14; right shift = 255
Aug 23 10:34:16   Finished preparing junctions
Aug 23 10:34:16 ..... inserting junctions into the genome indices
Aug 23 10:34:16   Finished SA search: number of new junctions=2, old junctions=254370
Aug 23 10:34:17   Finished sorting SA indicesL nInd=800
Aug 23 10:35:54   Finished inserting junction indices
Aug 23 10:35:58   Finished SAi
Aug 23 10:35:59 ..... finished inserting junctions into genome

   Input read files for mate 1, from input string /mounts/isilon/data/eahome/q804348/opt/scripts/STAR-SEQR/test/RNA_1.fastq.gz
-rw-rw-r-- 1 q804348 pipeline 932043 Aug 23 10:33 /mounts/isilon/data/eahome/q804348/opt/scripts/STAR-SEQR/test/RNA_1.fastq.gz

   readsCommandsFile:
exec > "RNA_test._STARtmp/tmp.fifo.read1"
echo FILE 0
zcat      "/mounts/isilon/data/eahome/q804348/opt/scripts/STAR-SEQR/test/RNA_1.fastq.gz"


   Input read files for mate 2, from input string /mounts/isilon/data/eahome/q804348/opt/scripts/STAR-SEQR/test/RNA_2.fastq.gz
-rw-rw-r-- 1 q804348 pipeline 932231 Aug 23 10:33 /mounts/isilon/data/eahome/q804348/opt/scripts/STAR-SEQR/test/RNA_2.fastq.gz

   readsCommandsFile:
exec > "RNA_test._STARtmp/tmp.fifo.read2"
echo FILE 0
zcat      "/mounts/isilon/data/eahome/q804348/opt/scripts/STAR-SEQR/test/RNA_2.fastq.gz"

Opening the file: RNA_test._STARtmp//Chimeric.out.sam.thread0 ... ok
Opening the file: RNA_test._STARtmp//Chimeric.out.junction.thread0 ... ok
Opening the file: RNA_test._STARtmp//Chimeric.out.sam.thread1 ... ok
Opening the file: RNA_test._STARtmp//Chimeric.out.junction.thread1 ... ok
Opening the file: RNA_test._STARtmp//Chimeric.out.sam.thread2 ... ok
Opening the file: RNA_test._STARtmp//Chimeric.out.junction.thread2 ... ok
Opening the file: RNA_test._STARtmp//Chimeric.out.sam.thread3 ... ok
Opening the file: RNA_test._STARtmp//Chimeric.out.junction.thread3 ... ok
Opening the file: RNA_test._STARtmp//Chimeric.out.sam.thread4 ... ok
Opening the file: RNA_test._STARtmp//Chimeric.out.junction.thread4 ... ok
Opening the file: RNA_test._STARtmp//Chimeric.out.sam.thread5 ... ok
Opening the file: RNA_test._STARtmp//Chimeric.out.junction.thread5 ... ok
Opening the file: RNA_test._STARtmp//Chimeric.out.sam.thread6 ... ok
Opening the file: RNA_test._STARtmp//Chimeric.out.junction.thread6 ... ok
Opening the file: RNA_test._STARtmp//Chimeric.out.sam.thread7 ... ok
Opening the file: RNA_test._STARtmp//Chimeric.out.junction.thread7 ... ok
Opening the file: RNA_test._STARtmp//Chimeric.out.sam.thread8 ... ok
Opening the file: RNA_test._STARtmp//Chimeric.out.junction.thread8 ... ok
Opening the file: RNA_test._STARtmp//Chimeric.out.sam.thread9 ... ok
Opening the file: RNA_test._STARtmp//Chimeric.out.junction.thread9 ... ok
Opening the file: RNA_test._STARtmp//Chimeric.out.sam.thread10 ... ok
Opening the file: RNA_test._STARtmp//Chimeric.out.junction.thread10 ... ok
Opening the file: RNA_test._STARtmp//Chimeric.out.sam.thread11 ... ok
Opening the file: RNA_test._STARtmp//Chimeric.out.junction.thread11 ... ok
Created thread # 1
Created thread # 2
Created thread # 3
Created thread # 4
Created thread # 5
Starting to map file # 0
mate 1:   /mounts/isilon/data/eahome/q804348/opt/scripts/STAR-SEQR/test/RNA_1.fastq.gz
mate 2:   /mounts/isilon/data/eahome/q804348/opt/scripts/STAR-SEQR/test/RNA_2.fastq.gz
Created thread # 6
Created thread # 7
Created thread # 8
Created thread # 9
Created thread # 10
Created thread # 11
Thread #1 end of input stream, nextChar=-1
Completed: thread #2
Completed: thread #3
Completed: thread #4
Completed: thread #5
Completed: thread #6
Completed: thread #7
Completed: thread #8
Completed: thread #10
Completed: thread #9
Completed: thread #0
Completed: thread #11
Completed: thread #1
Joined thread # 1
Joined thread # 2
Joined thread # 3
Joined thread # 4
Joined thread # 5
Joined thread # 6
Joined thread # 7
Joined thread # 8
Joined thread # 9
Joined thread # 10
Joined thread # 11
ALL DONE!
