                                 Started job on |	Jul 18 11:10:40
                             Started mapping on |	Jul 18 11:15:16
                                    Finished on |	Jul 18 11:15:22
       Mapping speed, Million of reads per hour |	34.33

                          Number of input reads |	57209
                      Average input read length |	150
                                    UNIQUE READS:
                   Uniquely mapped reads number |	53036
                        Uniquely mapped reads % |	92.71%
                          Average mapped length |	148.32
                       Number of splices: Total |	17558
            Number of splices: Annotated (sjdb) |	17533
                       Number of splices: GT/AG |	17516
                       Number of splices: GC/AG |	38
                       Number of splices: AT/AC |	0
               Number of splices: Non-canonical |	4
                      Mismatch rate per base, % |	0.71%
                         Deletion rate per base |	0.00%
                        Deletion average length |	0.00
                        Insertion rate per base |	0.00%
                       Insertion average length |	0.00
                             MULTI-MAPPING READS:
        Number of reads mapped to multiple loci |	2442
             % of reads mapped to multiple loci |	4.27%
        Number of reads mapped to too many loci |	0
             % of reads mapped to too many loci |	0.00%
                                  UNMAPPED READS:
       % of reads unmapped: too many mismatches |	0.00%
                 % of reads unmapped: too short |	3.03%
                     % of reads unmapped: other |	0.00%
                                  CHIMERIC READS:
                       Number of chimeric reads |	0
                            % of chimeric reads |	0.00%
